1740088727.865267 client started (51303): version 3.4, socket /private/tmp/tmux-501/default, protocol 8
1740088727.865334 on Darwin 24.3.0 Darwin Kernel Version 24.3.0: Thu Jan  2 20:24:06 PST 2025; root:xnu-11215.81.4~3/RELEASE_ARM64_T8103
1740088727.865352 using libevent 2.1.12-stable select
1740088727.865600 using utf8proc 2.9.0
1740088727.865616 using ncurses 6.5 20240427
1740088727.865642 flags are 0x10010000
1740088727.865650 socket is /private/tmp/tmux-501/default
1740088727.865669 trying connect
1740088727.865736 add peer 0x150008000: 6 (0x0)
1740088727.868619 sending message 100 to peer 0x150008000 (4 bytes)
1740088727.868642 sending message 111 to peer 0x150008000 (8 bytes)
1740088727.868652 sending message 101 to peer 0x150008000 (16 bytes)
1740088727.868662 sending message 109 to peer 0x150008000 (4 bytes)
1740088727.868669 sending message 102 to peer 0x150008000 (13 bytes)
1740088727.868677 sending message 108 to peer 0x150008000 (66 bytes)
1740088727.868684 sending message 112 to peer 0x150008000 (70 bytes)
1740088727.868691 sending message 112 to peer 0x150008000 (5 bytes)
1740088727.868699 sending message 112 to peer 0x150008000 (5 bytes)
1740088727.868706 sending message 112 to peer 0x150008000 (6 bytes)
1740088727.868713 sending message 112 to peer 0x150008000 (6 bytes)
1740088727.868720 sending message 112 to peer 0x150008000 (11 bytes)
1740088727.868727 sending message 112 to peer 0x150008000 (10 bytes)
1740088727.868734 sending message 112 to peer 0x150008000 (13 bytes)
1740088727.868741 sending message 112 to peer 0x150008000 (13 bytes)
1740088727.868748 sending message 112 to peer 0x150008000 (18 bytes)
1740088727.868755 sending message 112 to peer 0x150008000 (11 bytes)
1740088727.868762 sending message 112 to peer 0x150008000 (21 bytes)
1740088727.868769 sending message 112 to peer 0x150008000 (13 bytes)
1740088727.868776 sending message 112 to peer 0x150008000 (7 bytes)
1740088727.868783 sending message 112 to peer 0x150008000 (13 bytes)
1740088727.868791 sending message 112 to peer 0x150008000 (7 bytes)
1740088727.868798 sending message 112 to peer 0x150008000 (13 bytes)
1740088727.868805 sending message 112 to peer 0x150008000 (9 bytes)
1740088727.868812 sending message 112 to peer 0x150008000 (21 bytes)
1740088727.868819 sending message 112 to peer 0x150008000 (13 bytes)
1740088727.868826 sending message 112 to peer 0x150008000 (8 bytes)
1740088727.868833 sending message 112 to peer 0x150008000 (12 bytes)
1740088727.868840 sending message 112 to peer 0x150008000 (13 bytes)
1740088727.868847 sending message 112 to peer 0x150008000 (9 bytes)
1740088727.868854 sending message 112 to peer 0x150008000 (9 bytes)
1740088727.868861 sending message 112 to peer 0x150008000 (12 bytes)
1740088727.868868 sending message 112 to peer 0x150008000 (8 bytes)
1740088727.868875 sending message 112 to peer 0x150008000 (7 bytes)
1740088727.868882 sending message 112 to peer 0x150008000 (7 bytes)
1740088727.868888 sending message 112 to peer 0x150008000 (9 bytes)
1740088727.868896 sending message 112 to peer 0x150008000 (13 bytes)
1740088727.868903 sending message 112 to peer 0x150008000 (9 bytes)
1740088727.868910 sending message 112 to peer 0x150008000 (15 bytes)
1740088727.868917 sending message 112 to peer 0x150008000 (13 bytes)
1740088727.868924 sending message 112 to peer 0x150008000 (12 bytes)
1740088727.868931 sending message 112 to peer 0x150008000 (8 bytes)
1740088727.868938 sending message 112 to peer 0x150008000 (14 bytes)
1740088727.868945 sending message 112 to peer 0x150008000 (9 bytes)
1740088727.868952 sending message 112 to peer 0x150008000 (10 bytes)
1740088727.868959 sending message 112 to peer 0x150008000 (10 bytes)
1740088727.868965 sending message 112 to peer 0x150008000 (10 bytes)
1740088727.868972 sending message 112 to peer 0x150008000 (10 bytes)
1740088727.868979 sending message 112 to peer 0x150008000 (11 bytes)
1740088727.868986 sending message 112 to peer 0x150008000 (10 bytes)
1740088727.868993 sending message 112 to peer 0x150008000 (8 bytes)
1740088727.869000 sending message 112 to peer 0x150008000 (11 bytes)
1740088727.869039 sending message 112 to peer 0x150008000 (11 bytes)
1740088727.869045 sending message 112 to peer 0x150008000 (11 bytes)
1740088727.869050 sending message 112 to peer 0x150008000 (8 bytes)
1740088727.869055 sending message 112 to peer 0x150008000 (8 bytes)
1740088727.869060 sending message 112 to peer 0x150008000 (8 bytes)
1740088727.869065 sending message 112 to peer 0x150008000 (10 bytes)
1740088727.869070 sending message 112 to peer 0x150008000 (10 bytes)
1740088727.869075 sending message 112 to peer 0x150008000 (10 bytes)
1740088727.869080 sending message 112 to peer 0x150008000 (10 bytes)
1740088727.869085 sending message 112 to peer 0x150008000 (10 bytes)
1740088727.869090 sending message 112 to peer 0x150008000 (11 bytes)
1740088727.869094 sending message 112 to peer 0x150008000 (11 bytes)
1740088727.869099 sending message 112 to peer 0x150008000 (10 bytes)
1740088727.869104 sending message 112 to peer 0x150008000 (9 bytes)
1740088727.869109 sending message 112 to peer 0x150008000 (9 bytes)
1740088727.869114 sending message 112 to peer 0x150008000 (12 bytes)
1740088727.869119 sending message 112 to peer 0x150008000 (9 bytes)
1740088727.869125 sending message 112 to peer 0x150008000 (6 bytes)
1740088727.869130 sending message 112 to peer 0x150008000 (13 bytes)
1740088727.869135 sending message 112 to peer 0x150008000 (8 bytes)
1740088727.869139 sending message 112 to peer 0x150008000 (15 bytes)
1740088727.869144 sending message 112 to peer 0x150008000 (13 bytes)
1740088727.869149 sending message 112 to peer 0x150008000 (70 bytes)
1740088727.869155 sending message 112 to peer 0x150008000 (69 bytes)
1740088727.869159 sending message 112 to peer 0x150008000 (10 bytes)
1740088727.869164 sending message 112 to peer 0x150008000 (8 bytes)
1740088727.869169 sending message 112 to peer 0x150008000 (15 bytes)
1740088727.869174 sending message 112 to peer 0x150008000 (13 bytes)
1740088727.869179 sending message 112 to peer 0x150008000 (10 bytes)
1740088727.869184 sending message 112 to peer 0x150008000 (10 bytes)
1740088727.869189 sending message 112 to peer 0x150008000 (5 bytes)
1740088727.869194 sending message 112 to peer 0x150008000 (15 bytes)
1740088727.869200 sending message 104 to peer 0x150008000 (0 bytes)
1740088727.869209 sending message 110 to peer 0x150008000 (0 bytes)
1740088727.869214 sending message 107 to peer 0x150008000 (4 bytes)
1740088727.869219 sending message 105 to peer 0x150008000 (35 bytes)
1740088727.869224 sending message 105 to peer 0x150008000 (20 bytes)
1740088727.869229 sending message 105 to peer 0x150008000 (22 bytes)
1740088727.869235 sending message 105 to peer 0x150008000 (57 bytes)
1740088727.869240 sending message 105 to peer 0x150008000 (75 bytes)
1740088727.869245 sending message 105 to peer 0x150008000 (36 bytes)
1740088727.869250 sending message 105 to peer 0x150008000 (23 bytes)
1740088727.869255 sending message 105 to peer 0x150008000 (37 bytes)
1740088727.869260 sending message 105 to peer 0x150008000 (30 bytes)
1740088727.869265 sending message 105 to peer 0x150008000 (34 bytes)
1740088727.869270 sending message 105 to peer 0x150008000 (60 bytes)
1740088727.869275 sending message 105 to peer 0x150008000 (17 bytes)
1740088727.869280 sending message 105 to peer 0x150008000 (19 bytes)
1740088727.869285 sending message 105 to peer 0x150008000 (106 bytes)
1740088727.869290 sending message 105 to peer 0x150008000 (69 bytes)
1740088727.869295 sending message 105 to peer 0x150008000 (12 bytes)
1740088727.869300 sending message 105 to peer 0x150008000 (855 bytes)
1740088727.869306 sending message 105 to peer 0x150008000 (41 bytes)
1740088727.869311 sending message 105 to peer 0x150008000 (70 bytes)
1740088727.869316 sending message 105 to peer 0x150008000 (15 bytes)
1740088727.869321 sending message 105 to peer 0x150008000 (8 bytes)
1740088727.869326 sending message 105 to peer 0x150008000 (66 bytes)
1740088727.869331 sending message 105 to peer 0x150008000 (21 bytes)
1740088727.869336 sending message 105 to peer 0x150008000 (63 bytes)
1740088727.869341 sending message 105 to peer 0x150008000 (18 bytes)
1740088727.869364 sending message 105 to peer 0x150008000 (25 bytes)
1740088727.869369 sending message 105 to peer 0x150008000 (57 bytes)
1740088727.869374 sending message 105 to peer 0x150008000 (42 bytes)
1740088727.869379 sending message 105 to peer 0x150008000 (13 bytes)
1740088727.869384 sending message 105 to peer 0x150008000 (58 bytes)
1740088727.869389 sending message 105 to peer 0x150008000 (16 bytes)
1740088727.869394 sending message 105 to peer 0x150008000 (98 bytes)
1740088727.869399 sending message 105 to peer 0x150008000 (14 bytes)
1740088727.869404 sending message 105 to peer 0x150008000 (19 bytes)
1740088727.869409 sending message 105 to peer 0x150008000 (26 bytes)
1740088727.869414 sending message 105 to peer 0x150008000 (22 bytes)
1740088727.869419 sending message 105 to peer 0x150008000 (43 bytes)
1740088727.869424 sending message 105 to peer 0x150008000 (32 bytes)
1740088727.869429 sending message 105 to peer 0x150008000 (10 bytes)
1740088727.869443 sending message 105 to peer 0x150008000 (19 bytes)
1740088727.869448 sending message 105 to peer 0x150008000 (19 bytes)
1740088727.869453 sending message 105 to peer 0x150008000 (16 bytes)
1740088727.869458 sending message 105 to peer 0x150008000 (15 bytes)
1740088727.869463 sending message 105 to peer 0x150008000 (13 bytes)
1740088727.869467 sending message 105 to peer 0x150008000 (11 bytes)
1740088727.869472 sending message 105 to peer 0x150008000 (18 bytes)
1740088727.869477 sending message 105 to peer 0x150008000 (23 bytes)
1740088727.869482 sending message 105 to peer 0x150008000 (12 bytes)
1740088727.869487 sending message 105 to peer 0x150008000 (12 bytes)
1740088727.869492 sending message 105 to peer 0x150008000 (13 bytes)
1740088727.869497 sending message 105 to peer 0x150008000 (11 bytes)
1740088727.869502 sending message 105 to peer 0x150008000 (28 bytes)
1740088727.869507 sending message 105 to peer 0x150008000 (16 bytes)
1740088727.869512 sending message 105 to peer 0x150008000 (11 bytes)
1740088727.869517 sending message 105 to peer 0x150008000 (13 bytes)
1740088727.869522 sending message 105 to peer 0x150008000 (17 bytes)
1740088727.869527 sending message 105 to peer 0x150008000 (11 bytes)
1740088727.869532 sending message 105 to peer 0x150008000 (42 bytes)
1740088727.869537 sending message 105 to peer 0x150008000 (174 bytes)
1740088727.869542 sending message 105 to peer 0x150008000 (16 bytes)
1740088727.869547 sending message 105 to peer 0x150008000 (13 bytes)
1740088727.869552 sending message 105 to peer 0x150008000 (27 bytes)
1740088727.869557 sending message 105 to peer 0x150008000 (343 bytes)
1740088727.869562 sending message 105 to peer 0x150008000 (11 bytes)
1740088727.869568 sending message 105 to peer 0x150008000 (11 bytes)
1740088727.869573 sending message 105 to peer 0x150008000 (496 bytes)
1740088727.869578 sending message 105 to peer 0x150008000 (11 bytes)
1740088727.869583 sending message 105 to peer 0x150008000 (15 bytes)
1740088727.869588 sending message 105 to peer 0x150008000 (11 bytes)
1740088727.869592 sending message 105 to peer 0x150008000 (27 bytes)
1740088727.869597 sending message 105 to peer 0x150008000 (26 bytes)
1740088727.869603 sending message 105 to peer 0x150008000 (40 bytes)
1740088727.869608 sending message 105 to peer 0x150008000 (25 bytes)
1740088727.869613 sending message 106 to peer 0x150008000 (0 bytes)
1740088727.869704 sending message 200 to peer 0x150008000 (4 bytes)
1740088727.869712 client loop enter
1740088727.869972 peer 0x150008000 message 303
1740088727.869980 open write file 2 -
1740088727.869992 sending message 305 to peer 0x150008000 (8 bytes)
1740088727.870009 write check file 2
1740088727.870038 peer 0x150008000 message 304
1740088727.870044 write 58 to file 2
1740088727.870051 peer 0x150008000 message 203
1740088727.870057 file 2 58 bytes left
1740088727.870075 write check file 2
1740088727.870080 client loop exit
